{
  "Entries": [
    {
      "RequestUri": "/subscriptions/46153750-fa3b-4140-bf57-8beb7d5c971a/providers/Microsoft.DataLakeAnalytics/register?api-version=2014-04-01-preview",
      "EncodedRequestUri": "L3N1YnNjcmlwdGlvbnMvNDYxNTM3NTAtZmEzYi00MTQwLWJmNTctOGJlYjdkNWM5NzFhL3Byb3ZpZGVycy9NaWNyb3NvZnQuRGF0YUxha2VBbmFseXRpY3MvcmVnaXN0ZXI/YXBpLXZlcnNpb249MjAxNC0wNC0wMS1wcmV2aWV3",
      "RequestMethod": "POST",
      "RequestBody": "",
      "RequestHeaders": {
        "User-Agent": [
          "Microsoft.Azure.Management.Resources.ResourceManagementClient/2.0.0.0"
        ]
      },
      "ResponseBody": "{\r\n  \"id\": \"/subscriptions/46153750-fa3b-4140-bf57-8beb7d5c971a/providers/Microsoft.DataLakeAnalytics\",\r\n  \"namespace\": \"Microsoft.DataLakeAnalytics\",\r\n  \"resourceTypes\": [\r\n    {\r\n      \"resourceType\": \"accounts\",\r\n      \"locations\": [\r\n        \"East US 2\"\r\n      ],\r\n      \"apiVersions\": [\r\n        \"2015-10-01-preview\"\r\n      ]\r\n    },\r\n    {\r\n      \"resourceType\": \"accounts/dataLakeStoreAccounts\",\r\n      \"locations\": [\r\n        \"East US 2\"\r\n      ],\r\n      \"apiVersions\": [\r\n        \"2015-10-01-preview\"\r\n      ]\r\n    },\r\n    {\r\n      \"resourceType\": \"accounts/storageAccounts\",\r\n      \"locations\": [\r\n        \"East US 2\"\r\n      ],\r\n      \"apiVersions\": [\r\n        \"2015-10-01-preview\"\r\n      ]\r\n    },\r\n    {\r\n      \"resourceType\": \"accounts/storageAccounts/containers\",\r\n      \"locations\": [\r\n        \"East US 2\"\r\n      ],\r\n      \"apiVersions\": [\r\n        \"2015-10-01-preview\"\r\n      ]\r\n    },\r\n    {\r\n      \"resourceType\": \"accounts/storageAccounts/containers/listSasTokens\",\r\n      \"locations\": [\r\n        \"East US 2\"\r\n      ],\r\n      \"apiVersions\": [\r\n        \"2015-10-01-preview\"\r\n      ]\r\n    },\r\n    {\r\n      \"resourceType\": \"locations\",\r\n      \"locations\": [],\r\n      \"apiVersions\": [\r\n        \"2015-10-01-preview\"\r\n      ]\r\n    },\r\n    {\r\n      \"resourceType\": \"locations/operationresults\",\r\n      \"locations\": [],\r\n      \"apiVersions\": [\r\n        \"2015-10-01-preview\"\r\n      ]\r\n    },\r\n    {\r\n      \"resourceType\": \"operations\",\r\n      \"locations\": [],\r\n      \"apiVersions\": [\r\n        \"2015-10-01-preview\"\r\n      ]\r\n    }\r\n  ],\r\n  \"registrationState\": \"Registered\"\r\n}",
      "ResponseHeaders": {
        "Content-Length": [
          "1013"
        ],
        "Content-Type": [
          "application/json; charset=utf-8"
        ],
        "Expires": [
          "-1"
        ],
        "Pragma": [
          "no-cache"
        ],
        "x-ms-ratelimit-remaining-subscription-writes": [
          "1196"
        ],
        "x-ms-request-id": [
          "ff7212d6-41bd-434e-a337-44d6b90766a1"
        ],
        "x-ms-correlation-request-id": [
          "ff7212d6-41bd-434e-a337-44d6b90766a1"
        ],
        "x-ms-routing-request-id": [
          "WESTUS:20151107T000735Z:ff7212d6-41bd-434e-a337-44d6b90766a1"
        ],
        "Strict-Transport-Security": [
          "max-age=31536000; includeSubDomains"
        ],
        "Cache-Control": [
          "no-cache"
        ],
        "Date": [
          "Sat, 07 Nov 2015 00:07:35 GMT"
        ]
      },
      "StatusCode": 200
    },
    {
      "RequestUri": "/subscriptions/46153750-fa3b-4140-bf57-8beb7d5c971a/providers/Microsoft.DataLakeAnalytics?api-version=2014-04-01-preview",
      "EncodedRequestUri": "L3N1YnNjcmlwdGlvbnMvNDYxNTM3NTAtZmEzYi00MTQwLWJmNTctOGJlYjdkNWM5NzFhL3Byb3ZpZGVycy9NaWNyb3NvZnQuRGF0YUxha2VBbmFseXRpY3M/YXBpLXZlcnNpb249MjAxNC0wNC0wMS1wcmV2aWV3",
      "RequestMethod": "GET",
      "RequestBody": "",
      "RequestHeaders": {
        "User-Agent": [
          "Microsoft.Azure.Management.Resources.ResourceManagementClient/2.0.0.0"
        ]
      },
      "ResponseBody": "{\r\n  \"id\": \"/subscriptions/46153750-fa3b-4140-bf57-8beb7d5c971a/providers/Microsoft.DataLakeAnalytics\",\r\n  \"namespace\": \"Microsoft.DataLakeAnalytics\",\r\n  \"resourceTypes\": [\r\n    {\r\n      \"resourceType\": \"accounts\",\r\n      \"locations\": [\r\n        \"East US 2\"\r\n      ],\r\n      \"apiVersions\": [\r\n        \"2015-10-01-preview\"\r\n      ]\r\n    },\r\n    {\r\n      \"resourceType\": \"accounts/dataLakeStoreAccounts\",\r\n      \"locations\": [\r\n        \"East US 2\"\r\n      ],\r\n      \"apiVersions\": [\r\n        \"2015-10-01-preview\"\r\n      ]\r\n    },\r\n    {\r\n      \"resourceType\": \"accounts/storageAccounts\",\r\n      \"locations\": [\r\n        \"East US 2\"\r\n      ],\r\n      \"apiVersions\": [\r\n        \"2015-10-01-preview\"\r\n      ]\r\n    },\r\n    {\r\n      \"resourceType\": \"accounts/storageAccounts/containers\",\r\n      \"locations\": [\r\n        \"East US 2\"\r\n      ],\r\n      \"apiVersions\": [\r\n        \"2015-10-01-preview\"\r\n      ]\r\n    },\r\n    {\r\n      \"resourceType\": \"accounts/storageAccounts/containers/listSasTokens\",\r\n      \"locations\": [\r\n        \"East US 2\"\r\n      ],\r\n      \"apiVersions\": [\r\n        \"2015-10-01-preview\"\r\n      ]\r\n    },\r\n    {\r\n      \"resourceType\": \"locations\",\r\n      \"locations\": [],\r\n      \"apiVersions\": [\r\n        \"2015-10-01-preview\"\r\n      ]\r\n    },\r\n    {\r\n      \"resourceType\": \"locations/operationresults\",\r\n      \"locations\": [],\r\n      \"apiVersions\": [\r\n        \"2015-10-01-preview\"\r\n      ]\r\n    },\r\n    {\r\n      \"resourceType\": \"operations\",\r\n      \"locations\": [],\r\n      \"apiVersions\": [\r\n        \"2015-10-01-preview\"\r\n      ]\r\n    }\r\n  ],\r\n  \"registrationState\": \"Registered\"\r\n}",
      "ResponseHeaders": {
        "Content-Length": [
          "1013"
        ],
        "Content-Type": [
          "application/json; charset=utf-8"
        ],
        "Expires": [
          "-1"
        ],
        "Pragma": [
          "no-cache"
        ],
        "x-ms-ratelimit-remaining-subscription-reads": [
          "14996"
        ],
        "x-ms-request-id": [
          "0153bb50-cfad-4f8e-8dc8-1d0073a27055"
        ],
        "x-ms-correlation-request-id": [
          "0153bb50-cfad-4f8e-8dc8-1d0073a27055"
        ],
        "x-ms-routing-request-id": [
          "WESTUS:20151107T000735Z:0153bb50-cfad-4f8e-8dc8-1d0073a27055"
        ],
        "Strict-Transport-Security": [
          "max-age=31536000; includeSubDomains"
        ],
        "Cache-Control": [
          "no-cache"
        ],
        "Date": [
          "Sat, 07 Nov 2015 00:07:35 GMT"
        ]
      },
      "StatusCode": 200
    },
    {
      "RequestUri": "/subscriptions/46153750-fa3b-4140-bf57-8beb7d5c971a/resourcegroups/abarg12404?api-version=2014-04-01-preview",
      "EncodedRequestUri": "L3N1YnNjcmlwdGlvbnMvNDYxNTM3NTAtZmEzYi00MTQwLWJmNTctOGJlYjdkNWM5NzFhL3Jlc291cmNlZ3JvdXBzL2FiYXJnMTI0MDQ/YXBpLXZlcnNpb249MjAxNC0wNC0wMS1wcmV2aWV3",
      "RequestMethod": "PUT",
      "RequestBody": "{\r\n  \"location\": \"East US 2\"\r\n}",
      "RequestHeaders": {
        "Content-Type": [
          "application/json; charset=utf-8"
        ],
        "Content-Length": [
          "31"
        ],
        "User-Agent": [
          "Microsoft.Azure.Management.Resources.ResourceManagementClient/2.0.0.0"
        ]
      },
      "ResponseBody": "{\r\n  \"id\": \"/subscriptions/46153750-fa3b-4140-bf57-8beb7d5c971a/resourceGroups/abarg12404\",\r\n  \"name\": \"abarg12404\",\r\n  \"location\": \"eastus2\",\r\n  \"properties\": {\r\n    \"provisioningState\": \"Succeeded\"\r\n  }\r\n}",
      "ResponseHeaders": {
        "Content-Length": [
          "174"
        ],
        "Content-Type": [
          "application/json; charset=utf-8"
        ],
        "Expires": [
          "-1"
        ],
        "Pragma": [
          "no-cache"
        ],
        "x-ms-ratelimit-remaining-subscription-writes": [
          "1195"
        ],
        "x-ms-request-id": [
          "9044a996-a2dc-4138-99ec-a999e019d275"
        ],
        "x-ms-correlation-request-id": [
          "9044a996-a2dc-4138-99ec-a999e019d275"
        ],
        "x-ms-routing-request-id": [
          "WESTUS:20151107T000736Z:9044a996-a2dc-4138-99ec-a999e019d275"
        ],
        "Strict-Transport-Security": [
          "max-age=31536000; includeSubDomains"
        ],
        "Cache-Control": [
          "no-cache"
        ],
        "Date": [
          "Sat, 07 Nov 2015 00:07:36 GMT"
        ]
      },
      "StatusCode": 201
    },
    {
      "RequestUri": "/subscriptions/46153750-fa3b-4140-bf57-8beb7d5c971a/resourcegroups/abarg12404?api-version=2014-04-01-preview",
      "EncodedRequestUri": "L3N1YnNjcmlwdGlvbnMvNDYxNTM3NTAtZmEzYi00MTQwLWJmNTctOGJlYjdkNWM5NzFhL3Jlc291cmNlZ3JvdXBzL2FiYXJnMTI0MDQ/YXBpLXZlcnNpb249MjAxNC0wNC0wMS1wcmV2aWV3",
      "RequestMethod": "GET",
      "RequestBody": "",
      "RequestHeaders": {
        "User-Agent": [
          "Microsoft.Azure.Management.Resources.ResourceManagementClient/2.0.0.0"
        ]
      },
      "ResponseBody": "{\r\n  \"id\": \"/subscriptions/46153750-fa3b-4140-bf57-8beb7d5c971a/resourceGroups/abarg12404\",\r\n  \"name\": \"abarg12404\",\r\n  \"location\": \"eastus2\",\r\n  \"properties\": {\r\n    \"provisioningState\": \"Succeeded\"\r\n  }\r\n}",
      "ResponseHeaders": {
        "Content-Length": [
          "174"
        ],
        "Content-Type": [
          "application/json; charset=utf-8"
        ],
        "Expires": [
          "-1"
        ],
        "Pragma": [
          "no-cache"
        ],
        "x-ms-ratelimit-remaining-subscription-reads": [
          "14995"
        ],
        "x-ms-request-id": [
          "e48a5433-7d05-4567-99c2-da17f13afc60"
        ],
        "x-ms-correlation-request-id": [
          "e48a5433-7d05-4567-99c2-da17f13afc60"
        ],
        "x-ms-routing-request-id": [
          "WESTUS:20151107T000737Z:e48a5433-7d05-4567-99c2-da17f13afc60"
        ],
        "Strict-Transport-Security": [
          "max-age=31536000; includeSubDomains"
        ],
        "Cache-Control": [
          "no-cache"
        ],
        "Date": [
          "Sat, 07 Nov 2015 00:07:36 GMT"
        ]
      },
      "StatusCode": 200
    },
    {
      "RequestUri": "/subscriptions/46153750-fa3b-4140-bf57-8beb7d5c971a/resourceGroups/abarg12404/providers/Microsoft.DataLakeStore/accounts/datalake016317?api-version=2015-10-01-preview",
      "EncodedRequestUri": "L3N1YnNjcmlwdGlvbnMvNDYxNTM3NTAtZmEzYi00MTQwLWJmNTctOGJlYjdkNWM5NzFhL3Jlc291cmNlR3JvdXBzL2FiYXJnMTI0MDQvcHJvdmlkZXJzL01pY3Jvc29mdC5EYXRhTGFrZVN0b3JlL2FjY291bnRzL2RhdGFsYWtlMDE2MzE3P2FwaS12ZXJzaW9uPTIwMTUtMTAtMDEtcHJldmlldw==",
      "RequestMethod": "PUT",
      "RequestBody": "{\r\n  \"location\": \"East US 2\",\r\n  \"name\": \"datalake016317\"\r\n}",
      "RequestHeaders": {
        "Content-Type": [
          "application/json; charset=utf-8"
        ],
        "Content-Length": [
          "60"
        ],
        "useragent": [
          "Azure SDK - Microsoft.Azure.Management.DataLake.Store 0.9.1-preview"
        ],
        "User-Agent": [
          "Azure",
          "SDK",
          "-",
          "Microsoft.Azure.Management.DataLake.Store",
          "0.9.1-preview"
        ],
        "x-ms-client-request-id": [
          "b843d7d6-fdf2-4787-a87c-e5239048a901"
        ]
      },
      "ResponseBody": "{\r\n  \"properties\": {\r\n    \"provisioningState\": \"Creating\",\r\n    \"state\": null,\r\n    \"endpoint\": null,\r\n    \"creationTime\": null,\r\n    \"lastModifiedTime\": null\r\n  },\r\n  \"location\": \"East US 2\",\r\n  \"tags\": null,\r\n  \"id\": \"/subscriptions/46153750-fa3b-4140-bf57-8beb7d5c971a/resourceGroups/abarg12404/providers/Microsoft.DataLakeStore/accounts/datalake016317\",\r\n  \"name\": \"datalake016317\",\r\n  \"type\": \"Microsoft.DataLakeStore/accounts\"\r\n}",
      "ResponseHeaders": {
        "Content-Length": [
          "364"
        ],
        "Content-Type": [
          "application/json"
        ],
        "Expires": [
          "-1"
        ],
        "Pragma": [
          "no-cache"
        ],
        "Retry-After": [
          "10"
        ],
        "Azure-AsyncOperation": [
          "https://management.azure.com/subscriptions/46153750-fa3b-4140-bf57-8beb7d5c971a/providers/Microsoft.DataLakeStore/locations/EastUS2/operationResults/f98e741c-422f-4396-934c-7977a106b1ff0?api-version=2015-10-01-preview&expanded=true"
        ],
        "x-ms-request-id": [
          "eaeb1341-706f-46ae-b963-5a1a013a4650"
        ],
        "x-ms-ratelimit-remaining-subscription-writes": [
          "1193"
        ],
        "x-ms-correlation-request-id": [
          "3cd5613f-63c6-4f5b-aae6-c34937b0c8e2"
        ],
        "x-ms-routing-request-id": [
          "WESTUS:20151107T000739Z:3cd5613f-63c6-4f5b-aae6-c34937b0c8e2"
        ],
        "Strict-Transport-Security": [
          "max-age=31536000; includeSubDomains"
        ],
        "Cache-Control": [
          "no-cache"
        ],
        "Date": [
          "Sat, 07 Nov 2015 00:07:39 GMT"
        ],
        "Location": [
          "https://management.azure.com/subscriptions/46153750-fa3b-4140-bf57-8beb7d5c971a/resourcegroups/abarg12404/providers/Microsoft.DataLakeStore/accounts/datalake016317/operationresults/0?api-version=2015-10-01-preview"
        ],
        "Server": [
          "Microsoft-IIS/8.5"
        ],
        "X-AspNet-Version": [
          "4.0.30319"
        ],
        "X-Powered-By": [
          "ASP.NET"
        ]
      },
      "StatusCode": 201
    },
    {
      "RequestUri": "/subscriptions/46153750-fa3b-4140-bf57-8beb7d5c971a/providers/Microsoft.DataLakeStore/locations/EastUS2/operationResults/f98e741c-422f-4396-934c-7977a106b1ff0?api-version=2015-10-01-preview&expanded=true",
      "EncodedRequestUri": "L3N1YnNjcmlwdGlvbnMvNDYxNTM3NTAtZmEzYi00MTQwLWJmNTctOGJlYjdkNWM5NzFhL3Byb3ZpZGVycy9NaWNyb3NvZnQuRGF0YUxha2VTdG9yZS9sb2NhdGlvbnMvRWFzdFVTMi9vcGVyYXRpb25SZXN1bHRzL2Y5OGU3NDFjLTQyMmYtNDM5Ni05MzRjLTc5NzdhMTA2YjFmZjA/YXBpLXZlcnNpb249MjAxNS0xMC0wMS1wcmV2aWV3JmV4cGFuZGVkPXRydWU=",
      "RequestMethod": "GET",
      "RequestBody": "",
      "RequestHeaders": {
        "x-ms-version": [
          "2015-10-01-preview"
        ],
        "User-Agent": [
          "Microsoft.Azure.Management.DataLake.Store.DataLakeStoreManagementClient/0.9.0.0"
        ]
      },
      "ResponseBody": "{\r\n  \"status\": \"InProgress\"\r\n}",
      "ResponseHeaders": {
        "Content-Length": [
          "23"
        ],
        "Content-Type": [
          "application/json"
        ],
        "Expires": [
          "-1"
        ],
        "Pragma": [
          "no-cache"
        ],
        "x-ms-request-id": [
          "65cd6ad8-0f83-475b-9564-05363782d409"
        ],
        "x-ms-ratelimit-remaining-subscription-reads": [
          "14991"
        ],
        "x-ms-correlation-request-id": [
          "7fcbb96f-ac3d-4cf3-a02a-d7695a9c0db1"
        ],
        "x-ms-routing-request-id": [
          "WESTUS:20151107T000739Z:7fcbb96f-ac3d-4cf3-a02a-d7695a9c0db1"
        ],
        "Strict-Transport-Security": [
          "max-age=31536000; includeSubDomains"
        ],
        "Cache-Control": [
          "no-cache"
        ],
        "Date": [
          "Sat, 07 Nov 2015 00:07:39 GMT"
        ],
        "Server": [
          "Microsoft-IIS/8.5"
        ],
        "X-AspNet-Version": [
          "4.0.30319"
        ],
        "X-Powered-By": [
          "ASP.NET"
        ]
      },
      "StatusCode": 200
    },
    {
      "RequestUri": "/subscriptions/46153750-fa3b-4140-bf57-8beb7d5c971a/providers/Microsoft.DataLakeStore/locations/EastUS2/operationResults/f98e741c-422f-4396-934c-7977a106b1ff0?api-version=2015-10-01-preview&expanded=true",
      "EncodedRequestUri": "L3N1YnNjcmlwdGlvbnMvNDYxNTM3NTAtZmEzYi00MTQwLWJmNTctOGJlYjdkNWM5NzFhL3Byb3ZpZGVycy9NaWNyb3NvZnQuRGF0YUxha2VTdG9yZS9sb2NhdGlvbnMvRWFzdFVTMi9vcGVyYXRpb25SZXN1bHRzL2Y5OGU3NDFjLTQyMmYtNDM5Ni05MzRjLTc5NzdhMTA2YjFmZjA/YXBpLXZlcnNpb249MjAxNS0xMC0wMS1wcmV2aWV3JmV4cGFuZGVkPXRydWU=",
      "RequestMethod": "GET",
      "RequestBody": "",
      "RequestHeaders": {
        "x-ms-version": [
          "2015-10-01-preview"
        ],
        "User-Agent": [
          "Microsoft.Azure.Management.DataLake.Store.DataLakeStoreManagementClient/0.9.0.0"
        ]
      },
      "ResponseBody": "{\r\n  \"status\": \"InProgress\"\r\n}",
      "ResponseHeaders": {
        "Content-Length": [
          "23"
        ],
        "Content-Type": [
          "application/json"
        ],
        "Expires": [
          "-1"
        ],
        "Pragma": [
          "no-cache"
        ],
        "x-ms-request-id": [
          "46473d06-7a3f-41ed-b755-756c470408da"
        ],
        "x-ms-ratelimit-remaining-subscription-reads": [
          "14990"
        ],
        "x-ms-correlation-request-id": [
          "ddc717a3-199a-4d64-ba90-3483425db979"
        ],
        "x-ms-routing-request-id": [
          "WESTUS:20151107T000750Z:ddc717a3-199a-4d64-ba90-3483425db979"
        ],
        "Strict-Transport-Security": [
          "max-age=31536000; includeSubDomains"
        ],
        "Cache-Control": [
          "no-cache"
        ],
        "Date": [
          "Sat, 07 Nov 2015 00:07:49 GMT"
        ],
        "Server": [
          "Microsoft-IIS/8.5"
        ],
        "X-AspNet-Version": [
          "4.0.30319"
        ],
        "X-Powered-By": [
          "ASP.NET"
        ]
      },
      "StatusCode": 200
    },
    {
      "RequestUri": "/subscriptions/46153750-fa3b-4140-bf57-8beb7d5c971a/providers/Microsoft.DataLakeStore/locations/EastUS2/operationResults/f98e741c-422f-4396-934c-7977a106b1ff0?api-version=2015-10-01-preview&expanded=true",
      "EncodedRequestUri": "L3N1YnNjcmlwdGlvbnMvNDYxNTM3NTAtZmEzYi00MTQwLWJmNTctOGJlYjdkNWM5NzFhL3Byb3ZpZGVycy9NaWNyb3NvZnQuRGF0YUxha2VTdG9yZS9sb2NhdGlvbnMvRWFzdFVTMi9vcGVyYXRpb25SZXN1bHRzL2Y5OGU3NDFjLTQyMmYtNDM5Ni05MzRjLTc5NzdhMTA2YjFmZjA/YXBpLXZlcnNpb249MjAxNS0xMC0wMS1wcmV2aWV3JmV4cGFuZGVkPXRydWU=",
      "RequestMethod": "GET",
      "RequestBody": "",
      "RequestHeaders": {
        "x-ms-version": [
          "2015-10-01-preview"
        ],
        "User-Agent": [
          "Microsoft.Azure.Management.DataLake.Store.DataLakeStoreManagementClient/0.9.0.0"
        ]
      },
      "ResponseBody": "{\r\n  \"status\": \"InProgress\"\r\n}",
      "ResponseHeaders": {
        "Content-Length": [
          "23"
        ],
        "Content-Type": [
          "application/json"
        ],
        "Expires": [
          "-1"
        ],
        "Pragma": [
          "no-cache"
        ],
        "x-ms-request-id": [
          "0aba2f59-81b5-49bf-9eef-3f194f159d56"
        ],
        "x-ms-ratelimit-remaining-subscription-reads": [
          "14989"
        ],
        "x-ms-correlation-request-id": [
          "5cf49faa-350d-4574-bd7c-0273de0cf3e2"
        ],
        "x-ms-routing-request-id": [
          "WESTUS:20151107T000805Z:5cf49faa-350d-4574-bd7c-0273de0cf3e2"
        ],
        "Strict-Transport-Security": [
          "max-age=31536000; includeSubDomains"
        ],
        "Cache-Control": [
          "no-cache"
        ],
        "Date": [
          "Sat, 07 Nov 2015 00:08:05 GMT"
        ],
        "Server": [
          "Microsoft-IIS/8.5"
        ],
        "X-AspNet-Version": [
          "4.0.30319"
        ],
        "X-Powered-By": [
          "ASP.NET"
        ]
      },
      "StatusCode": 200
    },
    {
      "RequestUri": "/subscriptions/46153750-fa3b-4140-bf57-8beb7d5c971a/providers/Microsoft.DataLakeStore/locations/EastUS2/operationResults/f98e741c-422f-4396-934c-7977a106b1ff0?api-version=2015-10-01-preview&expanded=true",
      "EncodedRequestUri": "L3N1YnNjcmlwdGlvbnMvNDYxNTM3NTAtZmEzYi00MTQwLWJmNTctOGJlYjdkNWM5NzFhL3Byb3ZpZGVycy9NaWNyb3NvZnQuRGF0YUxha2VTdG9yZS9sb2NhdGlvbnMvRWFzdFVTMi9vcGVyYXRpb25SZXN1bHRzL2Y5OGU3NDFjLTQyMmYtNDM5Ni05MzRjLTc5NzdhMTA2YjFmZjA/YXBpLXZlcnNpb249MjAxNS0xMC0wMS1wcmV2aWV3JmV4cGFuZGVkPXRydWU=",
      "RequestMethod": "GET",
      "RequestBody": "",
      "RequestHeaders": {
        "x-ms-version": [
          "2015-10-01-preview"
        ],
        "User-Agent": [
          "Microsoft.Azure.Management.DataLake.Store.DataLakeStoreManagementClient/0.9.0.0"
        ]
      },
      "ResponseBody": "{\r\n  \"status\": \"Succeeded\"\r\n}",
      "ResponseHeaders": {
        "Content-Length": [
          "22"
        ],
        "Content-Type": [
          "application/json"
        ],
        "Expires": [
          "-1"
        ],
        "Pragma": [
          "no-cache"
        ],
        "x-ms-request-id": [
          "c906f9db-558e-480c-9b8c-178c821905a5"
        ],
        "x-ms-ratelimit-remaining-subscription-reads": [
          "14988"
        ],
        "x-ms-correlation-request-id": [
          "a9b1eeae-2090-4df5-baaa-a9936ecc759d"
        ],
        "x-ms-routing-request-id": [
          "WESTUS:20151107T000821Z:a9b1eeae-2090-4df5-baaa-a9936ecc759d"
        ],
        "Strict-Transport-Security": [
          "max-age=31536000; includeSubDomains"
        ],
        "Cache-Control": [
          "no-cache"
        ],
        "Date": [
          "Sat, 07 Nov 2015 00:08:20 GMT"
        ],
        "Server": [
          "Microsoft-IIS/8.5"
        ],
        "X-AspNet-Version": [
          "4.0.30319"
        ],
        "X-Powered-By": [
          "ASP.NET"
        ]
      },
      "StatusCode": 200
    },
    {
      "RequestUri": "/subscriptions/46153750-fa3b-4140-bf57-8beb7d5c971a/resourceGroups/abarg12404/providers/Microsoft.DataLakeStore/accounts/datalake016317?api-version=2015-10-01-preview",
      "EncodedRequestUri": "L3N1YnNjcmlwdGlvbnMvNDYxNTM3NTAtZmEzYi00MTQwLWJmNTctOGJlYjdkNWM5NzFhL3Jlc291cmNlR3JvdXBzL2FiYXJnMTI0MDQvcHJvdmlkZXJzL01pY3Jvc29mdC5EYXRhTGFrZVN0b3JlL2FjY291bnRzL2RhdGFsYWtlMDE2MzE3P2FwaS12ZXJzaW9uPTIwMTUtMTAtMDEtcHJldmlldw==",
      "RequestMethod": "GET",
      "RequestBody": "",
      "RequestHeaders": {
        "useragent": [
          "Azure SDK - Microsoft.Azure.Management.DataLake.Store 0.9.1-preview"
        ],
        "User-Agent": [
          "Azure",
          "SDK",
          "-",
          "Microsoft.Azure.Management.DataLake.Store",
          "0.9.1-preview"
        ]
      },
      "ResponseBody": "{\r\n  \"properties\": {\r\n    \"provisioningState\": \"Succeeded\",\r\n    \"state\": \"Active\",\r\n    \"endpoint\": \"datalake016317.azuredatalakestore.net\",\r\n    \"creationTime\": \"2015-11-07T00:07:39.8314968Z\",\r\n    \"lastModifiedTime\": \"2015-11-07T00:07:39.8314968Z\"\r\n  },\r\n  \"location\": \"East US 2\",\r\n  \"tags\": null,\r\n  \"id\": \"/subscriptions/46153750-fa3b-4140-bf57-8beb7d5c971a/resourceGroups/abarg12404/providers/Microsoft.DataLakeStore/accounts/datalake016317\",\r\n  \"name\": \"datalake016317\",\r\n  \"type\": \"Microsoft.DataLakeStore/accounts\"\r\n}",
      "ResponseHeaders": {
        "Content-Length": [
          "456"
        ],
        "Content-Type": [
          "application/json"
        ],
        "Expires": [
          "-1"
        ],
        "Pragma": [
          "no-cache"
        ],
        "x-ms-request-id": [
          "4cc6b64d-2608-43cb-ba76-0e00f51a1025"
        ],
        "x-ms-ratelimit-remaining-subscription-reads": [
          "14987"
        ],
        "x-ms-correlation-request-id": [
          "c7982fc3-6998-4df0-a4b1-5734a909e852"
        ],
        "x-ms-routing-request-id": [
          "WESTUS:20151107T000821Z:c7982fc3-6998-4df0-a4b1-5734a909e852"
        ],
        "Strict-Transport-Security": [
          "max-age=31536000; includeSubDomains"
        ],
        "Cache-Control": [
          "no-cache"
        ],
        "Date": [
          "Sat, 07 Nov 2015 00:08:20 GMT"
        ],
        "Server": [
          "Microsoft-IIS/8.5"
        ],
        "X-AspNet-Version": [
          "4.0.30319"
        ],
        "X-Powered-By": [
          "ASP.NET"
        ]
      },
      "StatusCode": 200
    },
    {
      "RequestUri": "/subscriptions/46153750-fa3b-4140-bf57-8beb7d5c971a/resourceGroups/abarg12404/providers/Microsoft.DataLakeStore/accounts/datalake027979?api-version=2015-10-01-preview",
      "EncodedRequestUri": "L3N1YnNjcmlwdGlvbnMvNDYxNTM3NTAtZmEzYi00MTQwLWJmNTctOGJlYjdkNWM5NzFhL3Jlc291cmNlR3JvdXBzL2FiYXJnMTI0MDQvcHJvdmlkZXJzL01pY3Jvc29mdC5EYXRhTGFrZVN0b3JlL2FjY291bnRzL2RhdGFsYWtlMDI3OTc5P2FwaS12ZXJzaW9uPTIwMTUtMTAtMDEtcHJldmlldw==",
      "RequestMethod": "PUT",
      "RequestBody": "{\r\n  \"location\": \"East US 2\",\r\n  \"name\": \"datalake027979\"\r\n}",
      "RequestHeaders": {
        "Content-Type": [
          "application/json; charset=utf-8"
        ],
        "Content-Length": [
          "60"
        ],
        "useragent": [
          "Azure SDK - Microsoft.Azure.Management.DataLake.Store 0.9.1-preview"
        ],
        "User-Agent": [
          "Azure",
          "SDK",
          "-",
          "Microsoft.Azure.Management.DataLake.Store",
          "0.9.1-preview"
        ],
        "x-ms-client-request-id": [
          "bba83465-4816-4e57-88e2-b570cac3f699"
        ]
      },
      "ResponseBody": "{\r\n  \"properties\": {\r\n    \"provisioningState\": \"Creating\",\r\n    \"state\": null,\r\n    \"endpoint\": null,\r\n    \"creationTime\": null,\r\n    \"lastModifiedTime\": null\r\n  },\r\n  \"location\": \"East US 2\",\r\n  \"tags\": null,\r\n  \"id\": \"/subscriptions/46153750-fa3b-4140-bf57-8beb7d5c971a/resourceGroups/abarg12404/providers/Microsoft.DataLakeStore/accounts/datalake027979\",\r\n  \"name\": \"datalake027979\",\r\n  \"type\": \"Microsoft.DataLakeStore/accounts\"\r\n}",
      "ResponseHeaders": {
        "Content-Length": [
          "364"
        ],
        "Content-Type": [
          "application/json"
        ],
        "Expires": [
          "-1"
        ],
        "Pragma": [
          "no-cache"
        ],
        "Retry-After": [
          "10"
        ],
        "Azure-AsyncOperation": [
          "https://management.azure.com/subscriptions/46153750-fa3b-4140-bf57-8beb7d5c971a/providers/Microsoft.DataLakeStore/locations/EastUS2/operationResults/01343335-b401-446c-b169-0835a87adac30?api-version=2015-10-01-preview&expanded=true"
        ],
        "x-ms-request-id": [
          "8a708222-dd36-4110-876c-2048017b4dd8"
        ],
        "x-ms-ratelimit-remaining-subscription-writes": [
          "1192"
        ],
        "x-ms-correlation-request-id": [
          "f01ad082-8c28-47d5-95ee-f9e355b00465"
        ],
        "x-ms-routing-request-id": [
          "WESTUS:20151107T000841Z:f01ad082-8c28-47d5-95ee-f9e355b00465"
        ],
        "Strict-Transport-Security": [
          "max-age=31536000; includeSubDomains"
        ],
        "Cache-Control": [
          "no-cache"
        ],
        "Date": [
          "Sat, 07 Nov 2015 00:08:41 GMT"
        ],
        "Location": [
          "https://management.azure.com/subscriptions/46153750-fa3b-4140-bf57-8beb7d5c971a/resourcegroups/abarg12404/providers/Microsoft.DataLakeStore/accounts/datalake027979/operationresults/0?api-version=2015-10-01-preview"
        ],
        "Server": [
          "Microsoft-IIS/8.5"
        ],
        "X-AspNet-Version": [
          "4.0.30319"
        ],
        "X-Powered-By": [
          "ASP.NET"
        ]
      },
      "StatusCode": 201
    },
    {
      "RequestUri": "/subscriptions/46153750-fa3b-4140-bf57-8beb7d5c971a/providers/Microsoft.DataLakeStore/locations/EastUS2/operationResults/01343335-b401-446c-b169-0835a87adac30?api-version=2015-10-01-preview&expanded=true",
      "EncodedRequestUri": "L3N1YnNjcmlwdGlvbnMvNDYxNTM3NTAtZmEzYi00MTQwLWJmNTctOGJlYjdkNWM5NzFhL3Byb3ZpZGVycy9NaWNyb3NvZnQuRGF0YUxha2VTdG9yZS9sb2NhdGlvbnMvRWFzdFVTMi9vcGVyYXRpb25SZXN1bHRzLzAxMzQzMzM1LWI0MDEtNDQ2Yy1iMTY5LTA4MzVhODdhZGFjMzA/YXBpLXZlcnNpb249MjAxNS0xMC0wMS1wcmV2aWV3JmV4cGFuZGVkPXRydWU=",
      "RequestMethod": "GET",
      "RequestBody": "",
      "RequestHeaders": {
        "x-ms-version": [
          "2015-10-01-preview"
        ],
        "User-Agent": [
          "Microsoft.Azure.Management.DataLake.Store.DataLakeStoreManagementClient/0.9.0.0"
        ]
      },
      "ResponseBody": "{\r\n  \"status\": \"InProgress\"\r\n}",
      "ResponseHeaders": {
        "Content-Length": [
          "23"
        ],
        "Content-Type": [
          "application/json"
        ],
        "Expires": [
          "-1"
        ],
        "Pragma": [
          "no-cache"
        ],
        "x-ms-request-id": [
          "b2e63355-3ad5-4a62-9cae-9cea529cec9f"
        ],
        "x-ms-ratelimit-remaining-subscription-reads": [
          "14986"
        ],
        "x-ms-correlation-request-id": [
          "2b425fa7-b5aa-48dd-81c8-4fe143f391ff"
        ],
        "x-ms-routing-request-id": [
          "WESTUS:20151107T000842Z:2b425fa7-b5aa-48dd-81c8-4fe143f391ff"
        ],
        "Strict-Transport-Security": [
          "max-age=31536000; includeSubDomains"
        ],
        "Cache-Control": [
          "no-cache"
        ],
        "Date": [
          "Sat, 07 Nov 2015 00:08:42 GMT"
        ],
        "Server": [
          "Microsoft-IIS/8.5"
        ],
        "X-AspNet-Version": [
          "4.0.30319"
        ],
        "X-Powered-By": [
          "ASP.NET"
        ]
      },
      "StatusCode": 200
    },
    {
      "RequestUri": "/subscriptions/46153750-fa3b-4140-bf57-8beb7d5c971a/providers/Microsoft.DataLakeStore/locations/EastUS2/operationResults/01343335-b401-446c-b169-0835a87adac30?api-version=2015-10-01-preview&expanded=true",
      "EncodedRequestUri": "L3N1YnNjcmlwdGlvbnMvNDYxNTM3NTAtZmEzYi00MTQwLWJmNTctOGJlYjdkNWM5NzFhL3Byb3ZpZGVycy9NaWNyb3NvZnQuRGF0YUxha2VTdG9yZS9sb2NhdGlvbnMvRWFzdFVTMi9vcGVyYXRpb25SZXN1bHRzLzAxMzQzMzM1LWI0MDEtNDQ2Yy1iMTY5LTA4MzVhODdhZGFjMzA/YXBpLXZlcnNpb249MjAxNS0xMC0wMS1wcmV2aWV3JmV4cGFuZGVkPXRydWU=",
      "RequestMethod": "GET",
      "RequestBody": "",
      "RequestHeaders": {
        "x-ms-version": [
          "2015-10-01-preview"
        ],
        "User-Agent": [
          "Microsoft.Azure.Management.DataLake.Store.DataLakeStoreManagementClient/0.9.0.0"
        ]
      },
      "ResponseBody": "{\r\n  \"status\": \"InProgress\"\r\n}",
      "ResponseHeaders": {
        "Content-Length": [
          "23"
        ],
        "Content-Type": [
          "application/json"
        ],
        "Expires": [
          "-1"
        ],
        "Pragma": [
          "no-cache"
        ],
        "x-ms-request-id": [
          "2849a4f0-b123-4a34-b951-7eafe6a2ee5f"
        ],
        "x-ms-ratelimit-remaining-subscription-reads": [
          "14985"
        ],
        "x-ms-correlation-request-id": [
          "2382266f-8179-42d6-9955-07a83ec9610a"
        ],
        "x-ms-routing-request-id": [
          "WESTUS:20151107T000852Z:2382266f-8179-42d6-9955-07a83ec9610a"
        ],
        "Strict-Transport-Security": [
          "max-age=31536000; includeSubDomains"
        ],
        "Cache-Control": [
          "no-cache"
        ],
        "Date": [
          "Sat, 07 Nov 2015 00:08:52 GMT"
        ],
        "Server": [
          "Microsoft-IIS/8.5"
        ],
        "X-AspNet-Version": [
          "4.0.30319"
        ],
        "X-Powered-By": [
          "ASP.NET"
        ]
      },
      "StatusCode": 200
    },
    {
      "RequestUri": "/subscriptions/46153750-fa3b-4140-bf57-8beb7d5c971a/providers/Microsoft.DataLakeStore/locations/EastUS2/operationResults/01343335-b401-446c-b169-0835a87adac30?api-version=2015-10-01-preview&expanded=true",
      "EncodedRequestUri": "L3N1YnNjcmlwdGlvbnMvNDYxNTM3NTAtZmEzYi00MTQwLWJmNTctOGJlYjdkNWM5NzFhL3Byb3ZpZGVycy9NaWNyb3NvZnQuRGF0YUxha2VTdG9yZS9sb2NhdGlvbnMvRWFzdFVTMi9vcGVyYXRpb25SZXN1bHRzLzAxMzQzMzM1LWI0MDEtNDQ2Yy1iMTY5LTA4MzVhODdhZGFjMzA/YXBpLXZlcnNpb249MjAxNS0xMC0wMS1wcmV2aWV3JmV4cGFuZGVkPXRydWU=",
      "RequestMethod": "GET",
      "RequestBody": "",
      "RequestHeaders": {
        "x-ms-version": [
          "2015-10-01-preview"
        ],
        "User-Agent": [
          "Microsoft.Azure.Management.DataLake.Store.DataLakeStoreManagementClient/0.9.0.0"
        ]
      },
      "ResponseBody": "{\r\n  \"status\": \"InProgress\"\r\n}",
      "ResponseHeaders": {
        "Content-Length": [
          "23"
        ],
        "Content-Type": [
          "application/json"
        ],
        "Expires": [
          "-1"
        ],
        "Pragma": [
          "no-cache"
        ],
        "x-ms-request-id": [
          "27e755ce-3beb-4dba-9dc2-39e5f3293a67"
        ],
        "x-ms-ratelimit-remaining-subscription-reads": [
          "14984"
        ],
        "x-ms-correlation-request-id": [
          "d210215a-bc01-4d03-97cd-606637cabb79"
        ],
        "x-ms-routing-request-id": [
          "WESTUS:20151107T000908Z:d210215a-bc01-4d03-97cd-606637cabb79"
        ],
        "Strict-Transport-Security": [
          "max-age=31536000; includeSubDomains"
        ],
        "Cache-Control": [
          "no-cache"
        ],
        "Date": [
          "Sat, 07 Nov 2015 00:09:08 GMT"
        ],
        "Server": [
          "Microsoft-IIS/8.5"
        ],
        "X-AspNet-Version": [
          "4.0.30319"
        ],
        "X-Powered-By": [
          "ASP.NET"
        ]
      },
      "StatusCode": 200
    },
    {
      "RequestUri": "/subscriptions/46153750-fa3b-4140-bf57-8beb7d5c971a/providers/Microsoft.DataLakeStore/locations/EastUS2/operationResults/01343335-b401-446c-b169-0835a87adac30?api-version=2015-10-01-preview&expanded=true",
      "EncodedRequestUri": "L3N1YnNjcmlwdGlvbnMvNDYxNTM3NTAtZmEzYi00MTQwLWJmNTctOGJlYjdkNWM5NzFhL3Byb3ZpZGVycy9NaWNyb3NvZnQuRGF0YUxha2VTdG9yZS9sb2NhdGlvbnMvRWFzdFVTMi9vcGVyYXRpb25SZXN1bHRzLzAxMzQzMzM1LWI0MDEtNDQ2Yy1iMTY5LTA4MzVhODdhZGFjMzA/YXBpLXZlcnNpb249MjAxNS0xMC0wMS1wcmV2aWV3JmV4cGFuZGVkPXRydWU=",
      "RequestMethod": "GET",
      "RequestBody": "",
      "RequestHeaders": {
        "x-ms-version": [
          "2015-10-01-preview"
        ],
        "User-Agent": [
          "Microsoft.Azure.Management.DataLake.Store.DataLakeStoreManagementClient/0.9.0.0"
        ]
      },
      "ResponseBody": "{\r\n  \"status\": \"Succeeded\"\r\n}",
      "ResponseHeaders": {
        "Content-Length": [
          "22"
        ],
        "Content-Type": [
          "application/json"
        ],
        "Expires": [
          "-1"
        ],
        "Pragma": [
          "no-cache"
        ],
        "x-ms-request-id": [
          "86260fe7-002a-4f20-a7b5-d25e2cd83acf"
        ],
        "x-ms-ratelimit-remaining-subscription-reads": [
          "14983"
        ],
        "x-ms-correlation-request-id": [
          "5a859579-a154-4ff9-aef4-a1bd0281d23c"
        ],
        "x-ms-routing-request-id": [
          "WESTUS:20151107T000924Z:5a859579-a154-4ff9-aef4-a1bd0281d23c"
        ],
        "Strict-Transport-Security": [
          "max-age=31536000; includeSubDomains"
        ],
        "Cache-Control": [
          "no-cache"
        ],
        "Date": [
          "Sat, 07 Nov 2015 00:09:23 GMT"
        ],
        "Server": [
          "Microsoft-IIS/8.5"
        ],
        "X-AspNet-Version": [
          "4.0.30319"
        ],
        "X-Powered-By": [
          "ASP.NET"
        ]
      },
      "StatusCode": 200
    },
    {
      "RequestUri": "/subscriptions/46153750-fa3b-4140-bf57-8beb7d5c971a/resourceGroups/abarg12404/providers/Microsoft.DataLakeStore/accounts/datalake027979?api-version=2015-10-01-preview",
      "EncodedRequestUri": "L3N1YnNjcmlwdGlvbnMvNDYxNTM3NTAtZmEzYi00MTQwLWJmNTctOGJlYjdkNWM5NzFhL3Jlc291cmNlR3JvdXBzL2FiYXJnMTI0MDQvcHJvdmlkZXJzL01pY3Jvc29mdC5EYXRhTGFrZVN0b3JlL2FjY291bnRzL2RhdGFsYWtlMDI3OTc5P2FwaS12ZXJzaW9uPTIwMTUtMTAtMDEtcHJldmlldw==",
      "RequestMethod": "GET",
      "RequestBody": "",
      "RequestHeaders": {
        "useragent": [
          "Azure SDK - Microsoft.Azure.Management.DataLake.Store 0.9.1-preview"
        ],
        "User-Agent": [
          "Azure",
          "SDK",
          "-",
          "Microsoft.Azure.Management.DataLake.Store",
          "0.9.1-preview"
        ]
      },
      "ResponseBody": "{\r\n  \"properties\": {\r\n    \"provisioningState\": \"Succeeded\",\r\n    \"state\": \"Active\",\r\n    \"endpoint\": \"datalake027979.azuredatalakestore.net\",\r\n    \"creationTime\": \"2015-11-07T00:08:42.971678Z\",\r\n    \"lastModifiedTime\": \"2015-11-07T00:08:42.971678Z\"\r\n  },\r\n  \"location\": \"East US 2\",\r\n  \"tags\": null,\r\n  \"id\": \"/subscriptions/46153750-fa3b-4140-bf57-8beb7d5c971a/resourceGroups/abarg12404/providers/Microsoft.DataLakeStore/accounts/datalake027979\",\r\n  \"name\": \"datalake027979\",\r\n  \"type\": \"Microsoft.DataLakeStore/accounts\"\r\n}",
      "ResponseHeaders": {
        "Content-Length": [
          "454"
        ],
        "Content-Type": [
          "application/json"
        ],
        "Expires": [
          "-1"
        ],
        "Pragma": [
          "no-cache"
        ],
        "x-ms-request-id": [
          "db1e01f1-7ec8-423f-914a-20520f4112db"
        ],
        "x-ms-ratelimit-remaining-subscription-reads": [
          "14982"
        ],
        "x-ms-correlation-request-id": [
          "8424e8c5-e8b7-4e9c-bb4a-47dcf9b93c65"
        ],
        "x-ms-routing-request-id": [
          "WESTUS:20151107T000924Z:8424e8c5-e8b7-4e9c-bb4a-47dcf9b93c65"
        ],
        "Strict-Transport-Security": [
          "max-age=31536000; includeSubDomains"
        ],
        "Cache-Control": [
          "no-cache"
        ],
        "Date": [
          "Sat, 07 Nov 2015 00:09:23 GMT"
        ],
        "Server": [
          "Microsoft-IIS/8.5"
        ],
        "X-AspNet-Version": [
          "4.0.30319"
        ],
        "X-Powered-By": [
          "ASP.NET"
        ]
      },
      "StatusCode": 200
    },
    {
      "RequestUri": "/subscriptions/46153750-fa3b-4140-bf57-8beb7d5c971a/resourceGroups/abarg12404/providers/Microsoft.Storage/storageAccounts/azureblob018386?api-version=2015-06-15",
      "EncodedRequestUri": "L3N1YnNjcmlwdGlvbnMvNDYxNTM3NTAtZmEzYi00MTQwLWJmNTctOGJlYjdkNWM5NzFhL3Jlc291cmNlR3JvdXBzL2FiYXJnMTI0MDQvcHJvdmlkZXJzL01pY3Jvc29mdC5TdG9yYWdlL3N0b3JhZ2VBY2NvdW50cy9henVyZWJsb2IwMTgzODY/YXBpLXZlcnNpb249MjAxNS0wNi0xNQ==",
      "RequestMethod": "PUT",
      "RequestBody": "{\r\n  \"location\": \"East US 2\",\r\n  \"properties\": {\r\n    \"accountType\": \"Standard_GRS\"\r\n  }\r\n}",
      "RequestHeaders": {
        "Content-Type": [
          "application/json"
        ],
        "Content-Length": [
          "91"
        ],
        "x-ms-client-request-id": [
          "ae7e64be-b7cd-4b1f-82e6-8da6344b1f7b"
        ],
        "User-Agent": [
          "Microsoft.Azure.Management.Storage.StorageManagementClient/3.0.0.0"
        ]
      },
      "ResponseBody": "",
      "ResponseHeaders": {
        "Content-Length": [
          "0"
        ],
        "Expires": [
          "-1"
        ],
        "Pragma": [
          "no-cache"
        ],
        "Retry-After": [
          "25"
        ],
        "x-ms-ratelimit-remaining-subscription-writes": [
          "1197"
        ],
        "x-ms-request-id": [
          "596336f5-8212-4468-ab84-1b79b22ffce1"
        ],
        "Cache-Control": [
          "no-cache"
        ],
        "Location": [
          "https://management.azure.com/subscriptions/46153750-fa3b-4140-bf57-8beb7d5c971a/providers/Microsoft.Storage/operations/b5919121-e647-49e3-922e-62d150a5630f?monitor=true&api-version=2015-06-15"
        ],
        "Server": [
          "Microsoft-Azure-Storage-Resource-Provider/1.0",
          "Microsoft-HTTPAPI/2.0"
        ],
        "x-ms-correlation-request-id": [
          "596336f5-8212-4468-ab84-1b79b22ffce1"
        ],
        "x-ms-routing-request-id": [
          "WESTUS:20151107T000926Z:596336f5-8212-4468-ab84-1b79b22ffce1"
        ],
        "Strict-Transport-Security": [
          "max-age=31536000; includeSubDomains"
        ],
        "Date": [
          "Sat, 07 Nov 2015 00:09:26 GMT"
        ]
      },
      "StatusCode": 202
    },
    {
      "RequestUri": "/subscriptions/46153750-fa3b-4140-bf57-8beb7d5c971a/providers/Microsoft.Storage/operations/b5919121-e647-49e3-922e-62d150a5630f?monitor=true&api-version=2015-06-15",
      "EncodedRequestUri": "L3N1YnNjcmlwdGlvbnMvNDYxNTM3NTAtZmEzYi00MTQwLWJmNTctOGJlYjdkNWM5NzFhL3Byb3ZpZGVycy9NaWNyb3NvZnQuU3RvcmFnZS9vcGVyYXRpb25zL2I1OTE5MTIxLWU2NDctNDllMy05MjJlLTYyZDE1MGE1NjMwZj9tb25pdG9yPXRydWUmYXBpLXZlcnNpb249MjAxNS0wNi0xNQ==",
      "RequestMethod": "GET",
      "RequestBody": "",
      "RequestHeaders": {
        "x-ms-client-request-id": [
          "f6540a48-5701-446b-aeca-1b7a565289cd"
        ],
        "User-Agent": [
          "Microsoft.Azure.Management.Storage.StorageManagementClient/3.0.0.0"
        ]
      },
      "ResponseBody": "",
      "ResponseHeaders": {
        "Content-Length": [
          "0"
        ],
        "Expires": [
          "-1"
        ],
        "Pragma": [
          "no-cache"
        ],
        "Retry-After": [
          "25"
        ],
        "x-ms-ratelimit-remaining-subscription-reads": [
          "14994"
        ],
        "x-ms-request-id": [
          "33ab5143-5ce4-4da8-9883-cf687029249b"
        ],
        "Cache-Control": [
          "no-cache"
        ],
        "Location": [
          "https://management.azure.com/subscriptions/46153750-fa3b-4140-bf57-8beb7d5c971a/providers/Microsoft.Storage/operations/b5919121-e647-49e3-922e-62d150a5630f?monitor=true&api-version=2015-06-15"
        ],
        "Server": [
          "Microsoft-Azure-Storage-Resource-Provider/1.0",
          "Microsoft-HTTPAPI/2.0"
        ],
        "x-ms-correlation-request-id": [
          "33ab5143-5ce4-4da8-9883-cf687029249b"
        ],
        "x-ms-routing-request-id": [
          "WESTUS:20151107T000927Z:33ab5143-5ce4-4da8-9883-cf687029249b"
        ],
        "Strict-Transport-Security": [
          "max-age=31536000; includeSubDomains"
        ],
        "Date": [
          "Sat, 07 Nov 2015 00:09:26 GMT"
        ]
      },
      "StatusCode": 202
    },
    {
      "RequestUri": "/subscriptions/46153750-fa3b-4140-bf57-8beb7d5c971a/providers/Microsoft.Storage/operations/b5919121-e647-49e3-922e-62d150a5630f?monitor=true&api-version=2015-06-15",
      "EncodedRequestUri": "L3N1YnNjcmlwdGlvbnMvNDYxNTM3NTAtZmEzYi00MTQwLWJmNTctOGJlYjdkNWM5NzFhL3Byb3ZpZGVycy9NaWNyb3NvZnQuU3RvcmFnZS9vcGVyYXRpb25zL2I1OTE5MTIxLWU2NDctNDllMy05MjJlLTYyZDE1MGE1NjMwZj9tb25pdG9yPXRydWUmYXBpLXZlcnNpb249MjAxNS0wNi0xNQ==",
      "RequestMethod": "GET",
      "RequestBody": "",
      "RequestHeaders": {
        "x-ms-client-request-id": [
          "32eeda77-6fab-447b-8b92-43acec4e1548"
        ],
        "User-Agent": [
          "Microsoft.Azure.Management.Storage.StorageManagementClient/3.0.0.0"
        ]
      },
      "ResponseBody": "{\r\n  \"location\": \"East US 2\",\r\n  \"properties\": {\r\n    \"accountType\": \"Standard_GRS\"\r\n  }\r\n}",
      "ResponseHeaders": {
        "Content-Length": [
          "91"
        ],
        "Content-Type": [
          "application/json"
        ],
        "Expires": [
          "-1"
        ],
        "Pragma": [
          "no-cache"
        ],
        "x-ms-request-id": [
          "77812025-71b8-4c8e-8956-0b2dc3832afd"
        ],
        "Cache-Control": [
          "no-cache"
        ],
        "Server": [
          "Microsoft-Azure-Storage-Resource-Provider/1.0",
          "Microsoft-HTTPAPI/2.0"
        ],
        "x-ms-ratelimit-remaining-subscription-reads": [
          "14993"
        ],
        "x-ms-correlation-request-id": [
          "77812025-71b8-4c8e-8956-0b2dc3832afd"
        ],
        "x-ms-routing-request-id": [
          "WESTUS:20151107T000952Z:77812025-71b8-4c8e-8956-0b2dc3832afd"
        ],
        "Strict-Transport-Security": [
          "max-age=31536000; includeSubDomains"
        ],
        "Date": [
          "Sat, 07 Nov 2015 00:09:51 GMT"
        ]
      },
      "StatusCode": 200
    },
    {
      "RequestUri": "/subscriptions/46153750-fa3b-4140-bf57-8beb7d5c971a/resourceGroups/abarg12404/providers/Microsoft.Storage/storageAccounts/azureblob018386/listKeys?api-version=2015-06-15",
      "EncodedRequestUri": "L3N1YnNjcmlwdGlvbnMvNDYxNTM3NTAtZmEzYi00MTQwLWJmNTctOGJlYjdkNWM5NzFhL3Jlc291cmNlR3JvdXBzL2FiYXJnMTI0MDQvcHJvdmlkZXJzL01pY3Jvc29mdC5TdG9yYWdlL3N0b3JhZ2VBY2NvdW50cy9henVyZWJsb2IwMTgzODYvbGlzdEtleXM/YXBpLXZlcnNpb249MjAxNS0wNi0xNQ==",
      "RequestMethod": "POST",
      "RequestBody": "",
      "RequestHeaders": {
        "x-ms-client-request-id": [
          "45b741d9-1e30-42fa-af6a-bcd007ce480c"
        ],
        "User-Agent": [
          "Microsoft.Azure.Management.Storage.StorageManagementClient/3.0.0.0"
        ]
      },
      "ResponseBody": "{\r\n  \"key1\": \"6mas6rioeZNnN3qdUK/ZfIIXmM5nVBJO2n2DK0TOnZB2EcpB6FhMt4Rpcz7rIaTlEqhcAkCDFsJN/+G4WJY2dA==\",\r\n  \"key2\": \"BN7mHtSPvehipr3ATN1ttQjFvOAzzwTS5vDwA2aAgrmYPnYD8rrQseknP/Znr7YBqGWNB245mPoWIUEbfP9Svw==\"\r\n}",
      "ResponseHeaders": {
        "Content-Length": [
          "198"
        ],
        "Content-Type": [
          "application/json"
        ],
        "Expires": [
          "-1"
        ],
        "Pragma": [
          "no-cache"
        ],
        "x-ms-request-id": [
          "a1e36c57-cd17-4143-81c2-2f747a1db309"
        ],
        "Cache-Control": [
          "no-cache"
        ],
        "Server": [
          "Microsoft-Azure-Storage-Resource-Provider/1.0",
          "Microsoft-HTTPAPI/2.0"
        ],
        "x-ms-ratelimit-remaining-subscription-writes": [
          "1196"
        ],
        "x-ms-correlation-request-id": [
          "a1e36c57-cd17-4143-81c2-2f747a1db309"
        ],
        "x-ms-routing-request-id": [
          "WESTUS:20151107T000952Z:a1e36c57-cd17-4143-81c2-2f747a1db309"
        ],
        "Strict-Transport-Security": [
          "max-age=31536000; includeSubDomains"
        ],
        "Date": [
          "Sat, 07 Nov 2015 00:09:51 GMT"
        ]
      },
      "StatusCode": 200
    },
    {
      "RequestUri": "/subscriptions/46153750-fa3b-4140-bf57-8beb7d5c971a/resourceGroups/abarg12404/providers/Microsoft.Storage/storageAccounts/azureblob018386?api-version=2015-06-15",
      "EncodedRequestUri": "L3N1YnNjcmlwdGlvbnMvNDYxNTM3NTAtZmEzYi00MTQwLWJmNTctOGJlYjdkNWM5NzFhL3Jlc291cmNlR3JvdXBzL2FiYXJnMTI0MDQvcHJvdmlkZXJzL01pY3Jvc29mdC5TdG9yYWdlL3N0b3JhZ2VBY2NvdW50cy9henVyZWJsb2IwMTgzODY/YXBpLXZlcnNpb249MjAxNS0wNi0xNQ==",
      "RequestMethod": "GET",
      "RequestBody": "",
      "RequestHeaders": {
        "x-ms-client-request-id": [
          "d7941d68-2491-47ef-a244-5190694ecfdb"
        ],
        "User-Agent": [
          "Microsoft.Azure.Management.Storage.StorageManagementClient/3.0.0.0"
        ]
      },
      "ResponseBody": "{\r\n  \"id\": \"/subscriptions/46153750-fa3b-4140-bf57-8beb7d5c971a/resourceGroups/abarg12404/providers/Microsoft.Storage/storageAccounts/azureblob018386\",\r\n  \"location\": \"eastus2\",\r\n  \"name\": \"azureblob018386\",\r\n  \"properties\": {\r\n    \"accountType\": \"Standard_GRS\",\r\n    \"creationTime\": \"2015-11-07T00:09:25.7266213Z\",\r\n    \"primaryEndpoints\": {\r\n      \"blob\": \"https://azureblob018386.blob.core.windows.net/\",\r\n      \"file\": \"https://azureblob018386.file.core.windows.net/\",\r\n      \"queue\": \"https://azureblob018386.queue.core.windows.net/\",\r\n      \"table\": \"https://azureblob018386.table.core.windows.net/\"\r\n    },\r\n    \"primaryLocation\": \"eastus2\",\r\n    \"provisioningState\": \"Succeeded\",\r\n    \"secondaryLocation\": \"centralus\",\r\n    \"statusOfPrimary\": \"available\",\r\n    \"statusOfSecondary\": \"available\"\r\n  },\r\n  \"tags\": {},\r\n  \"type\": \"Microsoft.Storage/storageAccounts\"\r\n}",
      "ResponseHeaders": {
        "Content-Length": [
          "739"
        ],
        "Content-Type": [
          "application/json"
        ],
        "Expires": [
          "-1"
        ],
        "Pragma": [
          "no-cache"
        ],
        "x-ms-request-id": [
          "0c30281a-2ad4-43e6-9d0e-7f1117162833"
        ],
        "Cache-Control": [
          "no-cache"
        ],
        "Server": [
          "Microsoft-Azure-Storage-Resource-Provider/1.0",
          "Microsoft-HTTPAPI/2.0"
        ],
        "x-ms-ratelimit-remaining-subscription-reads": [
          "14992"
        ],
        "x-ms-correlation-request-id": [
          "0c30281a-2ad4-43e6-9d0e-7f1117162833"
        ],
        "x-ms-routing-request-id": [
          "WESTUS:20151107T000952Z:0c30281a-2ad4-43e6-9d0e-7f1117162833"
        ],
        "Strict-Transport-Security": [
          "max-age=31536000; includeSubDomains"
        ],
        "Date": [
          "Sat, 07 Nov 2015 00:09:51 GMT"
        ]
      },
      "StatusCode": 200
    },
    {
      "RequestUri": "/subscriptions/46153750-fa3b-4140-bf57-8beb7d5c971a/resourceGroups/abarg12404/providers/Microsoft.DataLakeAnalytics/accounts/testaba16017?api-version=2015-10-01-preview",
      "EncodedRequestUri": "L3N1YnNjcmlwdGlvbnMvNDYxNTM3NTAtZmEzYi00MTQwLWJmNTctOGJlYjdkNWM5NzFhL3Jlc291cmNlR3JvdXBzL2FiYXJnMTI0MDQvcHJvdmlkZXJzL01pY3Jvc29mdC5EYXRhTGFrZUFuYWx5dGljcy9hY2NvdW50cy90ZXN0YWJhMTYwMTc/YXBpLXZlcnNpb249MjAxNS0xMC0wMS1wcmV2aWV3",
      "RequestMethod": "GET",
      "RequestBody": "",
      "RequestHeaders": {
        "useragent": [
          "Azure SDK - Microsoft.Azure.Management.DataLake.Analytics 0.9.4-preview - PowerShell Client"
        ],
        "User-Agent": [
          "Azure",
          "SDK",
          "-",
          "Microsoft.Azure.Management.DataLake.Analytics",
          "0.9.4-preview",
          "-",
          "PowerShell",
          "Client"
        ]
      },
      "ResponseBody": "{\r\n  \"error\": {\r\n    \"code\": \"ResourceNotFound\",\r\n    \"message\": \"The Resource 'Microsoft.DataLakeAnalytics/accounts/testaba16017' under resource group 'abarg12404' was not found.\"\r\n  }\r\n}",
      "ResponseHeaders": {
        "Content-Length": [
          "163"
        ],
        "Content-Type": [
          "application/json; charset=utf-8"
        ],
        "Expires": [
          "-1"
        ],
        "Pragma": [
          "no-cache"
        ],
        "x-ms-failure-cause": [
          "gateway"
        ],
        "x-ms-request-id": [
          "e2f359c9-c03f-4b7e-8221-09b25ab61caa"
        ],
        "x-ms-correlation-request-id": [
          "e2f359c9-c03f-4b7e-8221-09b25ab61caa"
        ],
        "x-ms-routing-request-id": [
          "WESTUS:20151107T001005Z:e2f359c9-c03f-4b7e-8221-09b25ab61caa"
        ],
        "Strict-Transport-Security": [
          "max-age=31536000; includeSubDomains"
        ],
        "Cache-Control": [
          "no-cache"
        ],
        "Date": [
          "Sat, 07 Nov 2015 00:10:04 GMT"
        ]
      },
      "StatusCode": 404
    },
    {
      "RequestUri": "/subscriptions/46153750-fa3b-4140-bf57-8beb7d5c971a/resourceGroups/abarg12404/providers/Microsoft.DataLakeAnalytics/accounts/testaba16017?api-version=2015-10-01-preview",
      "EncodedRequestUri": "L3N1YnNjcmlwdGlvbnMvNDYxNTM3NTAtZmEzYi00MTQwLWJmNTctOGJlYjdkNWM5NzFhL3Jlc291cmNlR3JvdXBzL2FiYXJnMTI0MDQvcHJvdmlkZXJzL01pY3Jvc29mdC5EYXRhTGFrZUFuYWx5dGljcy9hY2NvdW50cy90ZXN0YWJhMTYwMTc/YXBpLXZlcnNpb249MjAxNS0xMC0wMS1wcmV2aWV3",
      "RequestMethod": "GET",
      "RequestBody": "",
      "RequestHeaders": {
        "useragent": [
          "Azure SDK - Microsoft.Azure.Management.DataLake.Analytics 0.9.4-preview - PowerShell Client"
        ],
        "User-Agent": [
          "Azure",
          "SDK",
          "-",
          "Microsoft.Azure.Management.DataLake.Analytics",
          "0.9.4-preview",
          "-",
          "PowerShell",
          "Client"
        ]
      },
      "ResponseBody": "{\r\n  \"error\": {\r\n    \"code\": \"ResourceNotFound\",\r\n    \"message\": \"The Resource 'Microsoft.DataLakeAnalytics/accounts/testaba16017' under resource group 'abarg12404' was not found.\"\r\n  }\r\n}",
      "ResponseHeaders": {
        "Content-Length": [
          "163"
        ],
        "Content-Type": [
          "application/json; charset=utf-8"
        ],
        "Expires": [
          "-1"
        ],
        "Pragma": [
          "no-cache"
        ],
        "x-ms-failure-cause": [
          "gateway"
        ],
        "x-ms-request-id": [
          "793cc163-7494-497c-807b-2cd85c38860b"
        ],
        "x-ms-correlation-request-id": [
          "793cc163-7494-497c-807b-2cd85c38860b"
        ],
        "x-ms-routing-request-id": [
          "WESTUS:20151107T001005Z:793cc163-7494-497c-807b-2cd85c38860b"
        ],
        "Strict-Transport-Security": [
          "max-age=31536000; includeSubDomains"
        ],
        "Cache-Control": [
          "no-cache"
        ],
        "Date": [
          "Sat, 07 Nov 2015 00:10:04 GMT"
        ]
      },
      "StatusCode": 404
    },
    {
      "RequestUri": "/subscriptions/46153750-fa3b-4140-bf57-8beb7d5c971a/resourceGroups/abarg12404/providers/Microsoft.DataLakeAnalytics/accounts/testaba16017?api-version=2015-10-01-preview",
      "EncodedRequestUri": "L3N1YnNjcmlwdGlvbnMvNDYxNTM3NTAtZmEzYi00MTQwLWJmNTctOGJlYjdkNWM5NzFhL3Jlc291cmNlR3JvdXBzL2FiYXJnMTI0MDQvcHJvdmlkZXJzL01pY3Jvc29mdC5EYXRhTGFrZUFuYWx5dGljcy9hY2NvdW50cy90ZXN0YWJhMTYwMTc/YXBpLXZlcnNpb249MjAxNS0xMC0wMS1wcmV2aWV3",
      "RequestMethod": "GET",
      "RequestBody": "",
      "RequestHeaders": {
        "useragent": [
          "Azure SDK - Microsoft.Azure.Management.DataLake.Analytics 0.9.4-preview - PowerShell Client"
        ],
        "User-Agent": [
          "Azure",
          "SDK",
          "-",
          "Microsoft.Azure.Management.DataLake.Analytics",
          "0.9.4-preview",
          "-",
          "PowerShell",
          "Client"
        ]
      },
      "ResponseBody": "{\r\n  \"properties\": {\r\n    \"defaultDataLakeStoreAccount\": \"datalake016317\",\r\n    \"dataLakeStoreAccounts\": [\r\n      {\r\n        \"properties\": {\r\n          \"suffix\": \"azuredatalakestore.net\"\r\n        },\r\n        \"name\": \"datalake016317\"\r\n      }\r\n    ],\r\n    \"storageAccounts\": [],\r\n    \"maxDegreeOfParallelism\": 20,\r\n    \"maxJobCount\": 3,\r\n    \"provisioningState\": \"Succeeded\",\r\n    \"state\": \"Active\",\r\n    \"endpoint\": \"testaba16017.azuredatalakeanalytics.net\",\r\n    \"creationTime\": \"2015-11-07T00:10:08.1712401Z\",\r\n    \"lastModifiedTime\": \"2015-11-07T00:10:08.1712401Z\"\r\n  },\r\n  \"location\": \"East US 2\",\r\n  \"tags\": {},\r\n  \"id\": \"/subscriptions/46153750-fa3b-4140-bf57-8beb7d5c971a/resourceGroups/abarg12404/providers/Microsoft.DataLakeAnalytics/accounts/testaba16017\",\r\n  \"name\": \"testaba16017\",\r\n  \"type\": \"Microsoft.DataLakeAnalytics/accounts\"\r\n}",
      "ResponseHeaders": {
        "Content-Length": [
          "673"
        ],
        "Content-Type": [
          "application/json"
        ],
        "Expires": [
          "-1"
        ],
        "Pragma": [
          "no-cache"
        ],
        "x-ms-request-id": [
          "baa3b91e-7466-48a8-96ed-fd87999cd077"
        ],
        "x-ms-ratelimit-remaining-subscription-reads": [
          "14938"
        ],
        "x-ms-correlation-request-id": [
          "f2224db8-298a-4d2d-b3ae-e17b8a4a8236"
        ],
        "x-ms-routing-request-id": [
          "WESTUS:20151107T001049Z:f2224db8-298a-4d2d-b3ae-e17b8a4a8236"
        ],
        "Strict-Transport-Security": [
          "max-age=31536000; includeSubDomains"
        ],
        "Cache-Control": [
          "no-cache"
        ],
        "Date": [
          "Sat, 07 Nov 2015 00:10:49 GMT"
        ],
        "Server": [
          "Microsoft-IIS/8.5"
        ],
        "X-AspNet-Version": [
          "4.0.30319"
        ],
        "X-Powered-By": [
          "ASP.NET"
        ]
      },
      "StatusCode": 200
    },
    {
      "RequestUri": "/subscriptions/46153750-fa3b-4140-bf57-8beb7d5c971a/resourceGroups/abarg12404/providers/Microsoft.DataLakeAnalytics/accounts/testaba16017?api-version=2015-10-01-preview",
      "EncodedRequestUri": "L3N1YnNjcmlwdGlvbnMvNDYxNTM3NTAtZmEzYi00MTQwLWJmNTctOGJlYjdkNWM5NzFhL3Jlc291cmNlR3JvdXBzL2FiYXJnMTI0MDQvcHJvdmlkZXJzL01pY3Jvc29mdC5EYXRhTGFrZUFuYWx5dGljcy9hY2NvdW50cy90ZXN0YWJhMTYwMTc/YXBpLXZlcnNpb249MjAxNS0xMC0wMS1wcmV2aWV3",
      "RequestMethod": "GET",
      "RequestBody": "",
      "RequestHeaders": {
        "useragent": [
          "Azure SDK - Microsoft.Azure.Management.DataLake.Analytics 0.9.4-preview - PowerShell Client"
        ],
        "User-Agent": [
          "Azure",
          "SDK",
          "-",
          "Microsoft.Azure.Management.DataLake.Analytics",
          "0.9.4-preview",
          "-",
          "PowerShell",
          "Client"
        ]
      },
      "ResponseBody": "{\r\n  \"properties\": {\r\n    \"defaultDataLakeStoreAccount\": \"datalake016317\",\r\n    \"dataLakeStoreAccounts\": [\r\n      {\r\n        \"properties\": {\r\n          \"suffix\": \"azuredatalakestore.net\"\r\n        },\r\n        \"name\": \"datalake016317\"\r\n      }\r\n    ],\r\n    \"storageAccounts\": [],\r\n    \"maxDegreeOfParallelism\": 20,\r\n    \"maxJobCount\": 3,\r\n    \"provisioningState\": \"Succeeded\",\r\n    \"state\": \"Active\",\r\n    \"endpoint\": \"testaba16017.azuredatalakeanalytics.net\",\r\n    \"creationTime\": \"2015-11-07T00:10:08.1712401Z\",\r\n    \"lastModifiedTime\": \"2015-11-07T00:10:08.1712401Z\"\r\n  },\r\n  \"location\": \"East US 2\",\r\n  \"tags\": {},\r\n  \"id\": \"/subscriptions/46153750-fa3b-4140-bf57-8beb7d5c971a/resourceGroups/abarg12404/providers/Microsoft.DataLakeAnalytics/accounts/testaba16017\",\r\n  \"name\": \"testaba16017\",\r\n  \"type\": \"Microsoft.DataLakeAnalytics/accounts\"\r\n}",
      "ResponseHeaders": {
        "Content-Length": [
          "673"
        ],
        "Content-Type": [
          "application/json"
        ],
        "Expires": [
          "-1"
        ],
        "Pragma": [
          "no-cache"
        ],
        "x-ms-request-id": [
          "b0079fcd-8bdf-4097-b1c0-926e318d4d9d"
        ],
        "x-ms-ratelimit-remaining-subscription-reads": [
          "14937"
        ],
        "x-ms-correlation-request-id": [
          "b08660f6-9ded-425b-8258-1c104b41f8d8"
        ],
        "x-ms-routing-request-id": [
          "WESTUS:20151107T001050Z:b08660f6-9ded-425b-8258-1c104b41f8d8"
        ],
        "Strict-Transport-Security": [
          "max-age=31536000; includeSubDomains"
        ],
        "Cache-Control": [
          "no-cache"
        ],
        "Date": [
          "Sat, 07 Nov 2015 00:10:49 GMT"
        ],
        "Server": [
          "Microsoft-IIS/8.5"
        ],
        "X-AspNet-Version": [
          "4.0.30319"
        ],
        "X-Powered-By": [
          "ASP.NET"
        ]
      },
      "StatusCode": 200
    },
    {
      "RequestUri": "/subscriptions/46153750-fa3b-4140-bf57-8beb7d5c971a/resourceGroups/abarg12404/providers/Microsoft.DataLakeAnalytics/accounts/testaba16017?api-version=2015-10-01-preview",
      "EncodedRequestUri": "L3N1YnNjcmlwdGlvbnMvNDYxNTM3NTAtZmEzYi00MTQwLWJmNTctOGJlYjdkNWM5NzFhL3Jlc291cmNlR3JvdXBzL2FiYXJnMTI0MDQvcHJvdmlkZXJzL01pY3Jvc29mdC5EYXRhTGFrZUFuYWx5dGljcy9hY2NvdW50cy90ZXN0YWJhMTYwMTc/YXBpLXZlcnNpb249MjAxNS0xMC0wMS1wcmV2aWV3",
      "RequestMethod": "GET",
      "RequestBody": "",
      "RequestHeaders": {
        "useragent": [
          "Azure SDK - Microsoft.Azure.Management.DataLake.Analytics 0.9.4-preview - PowerShell Client"
        ],
        "User-Agent": [
          "Azure",
          "SDK",
          "-",
          "Microsoft.Azure.Management.DataLake.Analytics",
          "0.9.4-preview",
          "-",
          "PowerShell",
          "Client"
        ]
      },
      "ResponseBody": "{\r\n  \"error\": {\r\n    \"code\": \"ResourceNotFound\",\r\n    \"message\": \"The Resource 'Microsoft.DataLakeAnalytics/accounts/testaba16017' under resource group 'abarg12404' was not found.\"\r\n  }\r\n}",
      "ResponseHeaders": {
        "Content-Length": [
          "163"
        ],
        "Content-Type": [
          "application/json; charset=utf-8"
        ],
        "Expires": [
          "-1"
        ],
        "Pragma": [
          "no-cache"
        ],
        "x-ms-failure-cause": [
          "gateway"
        ],
        "x-ms-request-id": [
          "0676009b-e339-48d2-bae0-6e8d1924cb19"
        ],
        "x-ms-correlation-request-id": [
          "0676009b-e339-48d2-bae0-6e8d1924cb19"
        ],
        "x-ms-routing-request-id": [
          "WESTUS:20151107T001052Z:0676009b-e339-48d2-bae0-6e8d1924cb19"
        ],
        "Strict-Transport-Security": [
          "max-age=31536000; includeSubDomains"
        ],
        "Cache-Control": [
          "no-cache"
        ],
        "Date": [
          "Sat, 07 Nov 2015 00:10:51 GMT"
        ]
      },
      "StatusCode": 404
    },
    {
      "RequestUri": "/subscriptions/46153750-fa3b-4140-bf57-8beb7d5c971a/resourceGroups/abarg12404/providers/Microsoft.DataLakeAnalytics/accounts/testaba16017?api-version=2015-10-01-preview",
      "EncodedRequestUri": "L3N1YnNjcmlwdGlvbnMvNDYxNTM3NTAtZmEzYi00MTQwLWJmNTctOGJlYjdkNWM5NzFhL3Jlc291cmNlR3JvdXBzL2FiYXJnMTI0MDQvcHJvdmlkZXJzL01pY3Jvc29mdC5EYXRhTGFrZUFuYWx5dGljcy9hY2NvdW50cy90ZXN0YWJhMTYwMTc/YXBpLXZlcnNpb249MjAxNS0xMC0wMS1wcmV2aWV3",
      "RequestMethod": "PUT",
      "RequestBody": "{\r\n  \"location\": \"East US 2\",\r\n  \"name\": \"testaba16017\",\r\n  \"tags\": {},\r\n  \"properties\": {\r\n    \"defaultDataLakeStoreAccount\": \"datalake016317\",\r\n    \"dataLakeStoreAccounts\": [\r\n      {\r\n        \"name\": \"datalake016317\"\r\n      }\r\n    ],\r\n    \"creationTime\": \"0001-01-01T00:00:00\",\r\n    \"lastModifiedTime\": \"0001-01-01T00:00:00\"\r\n  }\r\n}",
      "RequestHeaders": {
        "Content-Type": [
          "application/json; charset=utf-8"
        ],
        "Content-Length": [
          "335"
        ],
        "useragent": [
          "Azure SDK - Microsoft.Azure.Management.DataLake.Analytics 0.9.4-preview - PowerShell Client"
        ],
        "x-ms-client-request-id": [
          "babd0de6-eff5-4ab4-9d90-7b86f62111ee"
        ],
        "User-Agent": [
          "Microsoft.Azure.Management.DataLake.Analytics.DataLakeAnalyticsManagementClient/0.9.0.0"
        ]
      },
      "ResponseBody": "{\r\n  \"properties\": {\r\n    \"defaultDataLakeStoreAccount\": \"datalake016317\",\r\n    \"dataLakeStoreAccounts\": [\r\n      {\r\n        \"name\": \"datalake016317\"\r\n      }\r\n    ],\r\n    \"provisioningState\": \"Creating\",\r\n    \"state\": null,\r\n    \"endpoint\": null,\r\n    \"creationTime\": \"0001-01-01T00:00:00\",\r\n    \"lastModifiedTime\": \"0001-01-01T00:00:00\"\r\n  },\r\n  \"location\": \"East US 2\",\r\n  \"tags\": {},\r\n  \"id\": \"/subscriptions/46153750-fa3b-4140-bf57-8beb7d5c971a/resourceGroups/abarg12404/providers/Microsoft.DataLakeAnalytics/accounts/testaba16017\",\r\n  \"name\": \"testaba16017\",\r\n  \"type\": \"Microsoft.DataLakeAnalytics/accounts\"\r\n}",
      "ResponseHeaders": {
        "Content-Length": [
          "499"
        ],
        "Content-Type": [
          "application/json"
        ],
        "Expires": [
          "-1"
        ],
        "Pragma": [
          "no-cache"
        ],
        "Retry-After": [
          "10"
        ],
        "Azure-AsyncOperation": [
          "https://management.azure.com/subscriptions/46153750-fa3b-4140-bf57-8beb7d5c971a/providers/Microsoft.DataLakeAnalytics/locations/EastUS2/operationResults/ebc1965a-b073-45c7-be63-c0a90d83aa5c0?api-version=2015-10-01-preview&expanded=true"
        ],
        "x-ms-request-id": [
          "68fd91bb-0e33-4e82-8943-951d4aed044c"
        ],
        "x-ms-ratelimit-remaining-subscription-writes": [
          "1192"
        ],
        "x-ms-correlation-request-id": [
          "dbaa02b8-1b3d-49cd-90eb-2ffc9c535182"
        ],
        "x-ms-routing-request-id": [
          "WESTUS:20151107T001007Z:dbaa02b8-1b3d-49cd-90eb-2ffc9c535182"
        ],
        "Strict-Transport-Security": [
          "max-age=31536000; includeSubDomains"
        ],
        "Cache-Control": [
          "no-cache"
        ],
        "Date": [
          "Sat, 07 Nov 2015 00:10:06 GMT"
        ],
        "Location": [
          "https://management.azure.com/subscriptions/46153750-fa3b-4140-bf57-8beb7d5c971a/resourcegroups/abarg12404/providers/Microsoft.DataLakeAnalytics/accounts/testaba16017/operationresults/0?api-version=2015-10-01-preview"
        ],
        "Server": [
          "Microsoft-IIS/8.5"
        ],
        "X-AspNet-Version": [
          "4.0.30319"
        ],
        "X-Powered-By": [
          "ASP.NET"
        ]
      },
      "StatusCode": 201
    },
    {
      "RequestUri": "/subscriptions/46153750-fa3b-4140-bf57-8beb7d5c971a/providers/Microsoft.DataLakeAnalytics/locations/EastUS2/operationResults/ebc1965a-b073-45c7-be63-c0a90d83aa5c0?api-version=2015-10-01-preview&expanded=true",
      "EncodedRequestUri": "L3N1YnNjcmlwdGlvbnMvNDYxNTM3NTAtZmEzYi00MTQwLWJmNTctOGJlYjdkNWM5NzFhL3Byb3ZpZGVycy9NaWNyb3NvZnQuRGF0YUxha2VBbmFseXRpY3MvbG9jYXRpb25zL0Vhc3RVUzIvb3BlcmF0aW9uUmVzdWx0cy9lYmMxOTY1YS1iMDczLTQ1YzctYmU2My1jMGE5MGQ4M2FhNWMwP2FwaS12ZXJzaW9uPTIwMTUtMTAtMDEtcHJldmlldyZleHBhbmRlZD10cnVl",
      "RequestMethod": "GET",
      "RequestBody": "",
      "RequestHeaders": {
        "x-ms-version": [
          "2015-10-01-preview"
        ],
        "User-Agent": [
          "Microsoft.Azure.Management.DataLake.Analytics.DataLakeAnalyticsManagementClient/0.9.0.0"
        ]
      },
      "ResponseBody": "{\r\n  \"status\": \"InProgress\"\r\n}",
      "ResponseHeaders": {
        "Content-Length": [
          "23"
        ],
        "Content-Type": [
          "application/json"
        ],
        "Expires": [
          "-1"
        ],
        "Pragma": [
          "no-cache"
        ],
        "x-ms-request-id": [
          "687675ad-a34a-444e-af45-c2dd13180f5a"
        ],
        "x-ms-ratelimit-remaining-subscription-reads": [
          "14942"
        ],
        "x-ms-correlation-request-id": [
          "701211bb-dd40-48c7-8120-cf5eec28499b"
        ],
        "x-ms-routing-request-id": [
          "WESTUS:20151107T001008Z:701211bb-dd40-48c7-8120-cf5eec28499b"
        ],
        "Strict-Transport-Security": [
          "max-age=31536000; includeSubDomains"
        ],
        "Cache-Control": [
          "no-cache"
        ],
        "Date": [
          "Sat, 07 Nov 2015 00:10:08 GMT"
        ],
        "Server": [
          "Microsoft-IIS/8.5"
        ],
        "X-AspNet-Version": [
          "4.0.30319"
        ],
        "X-Powered-By": [
          "ASP.NET"
        ]
      },
      "StatusCode": 200
    },
    {
      "RequestUri": "/subscriptions/46153750-fa3b-4140-bf57-8beb7d5c971a/providers/Microsoft.DataLakeAnalytics/locations/EastUS2/operationResults/ebc1965a-b073-45c7-be63-c0a90d83aa5c0?api-version=2015-10-01-preview&expanded=true",
      "EncodedRequestUri": "L3N1YnNjcmlwdGlvbnMvNDYxNTM3NTAtZmEzYi00MTQwLWJmNTctOGJlYjdkNWM5NzFhL3Byb3ZpZGVycy9NaWNyb3NvZnQuRGF0YUxha2VBbmFseXRpY3MvbG9jYXRpb25zL0Vhc3RVUzIvb3BlcmF0aW9uUmVzdWx0cy9lYmMxOTY1YS1iMDczLTQ1YzctYmU2My1jMGE5MGQ4M2FhNWMwP2FwaS12ZXJzaW9uPTIwMTUtMTAtMDEtcHJldmlldyZleHBhbmRlZD10cnVl",
      "RequestMethod": "GET",
      "RequestBody": "",
      "RequestHeaders": {
        "x-ms-version": [
          "2015-10-01-preview"
        ],
        "User-Agent": [
          "Microsoft.Azure.Management.DataLake.Analytics.DataLakeAnalyticsManagementClient/0.9.0.0"
        ]
      },
      "ResponseBody": "{\r\n  \"status\": \"InProgress\"\r\n}",
      "ResponseHeaders": {
        "Content-Length": [
          "23"
        ],
        "Content-Type": [
          "application/json"
        ],
        "Expires": [
          "-1"
        ],
        "Pragma": [
          "no-cache"
        ],
        "x-ms-request-id": [
          "6c4558a3-e8b6-475d-9a2b-2f5236ed6986"
        ],
        "x-ms-ratelimit-remaining-subscription-reads": [
          "14941"
        ],
        "x-ms-correlation-request-id": [
          "23d1ec6c-2683-41f5-a7db-5913856acb30"
        ],
        "x-ms-routing-request-id": [
          "WESTUS:20151107T001018Z:23d1ec6c-2683-41f5-a7db-5913856acb30"
        ],
        "Strict-Transport-Security": [
          "max-age=31536000; includeSubDomains"
        ],
        "Cache-Control": [
          "no-cache"
        ],
        "Date": [
          "Sat, 07 Nov 2015 00:10:18 GMT"
        ],
        "Server": [
          "Microsoft-IIS/8.5"
        ],
        "X-AspNet-Version": [
          "4.0.30319"
        ],
        "X-Powered-By": [
          "ASP.NET"
        ]
      },
      "StatusCode": 200
    },
    {
      "RequestUri": "/subscriptions/46153750-fa3b-4140-bf57-8beb7d5c971a/providers/Microsoft.DataLakeAnalytics/locations/EastUS2/operationResults/ebc1965a-b073-45c7-be63-c0a90d83aa5c0?api-version=2015-10-01-preview&expanded=true",
      "EncodedRequestUri": "L3N1YnNjcmlwdGlvbnMvNDYxNTM3NTAtZmEzYi00MTQwLWJmNTctOGJlYjdkNWM5NzFhL3Byb3ZpZGVycy9NaWNyb3NvZnQuRGF0YUxha2VBbmFseXRpY3MvbG9jYXRpb25zL0Vhc3RVUzIvb3BlcmF0aW9uUmVzdWx0cy9lYmMxOTY1YS1iMDczLTQ1YzctYmU2My1jMGE5MGQ4M2FhNWMwP2FwaS12ZXJzaW9uPTIwMTUtMTAtMDEtcHJldmlldyZleHBhbmRlZD10cnVl",
      "RequestMethod": "GET",
      "RequestBody": "",
      "RequestHeaders": {
        "x-ms-version": [
          "2015-10-01-preview"
        ],
        "User-Agent": [
          "Microsoft.Azure.Management.DataLake.Analytics.DataLakeAnalyticsManagementClient/0.9.0.0"
        ]
      },
      "ResponseBody": "{\r\n  \"status\": \"InProgress\"\r\n}",
      "ResponseHeaders": {
        "Content-Length": [
          "23"
        ],
        "Content-Type": [
          "application/json"
        ],
        "Expires": [
          "-1"
        ],
        "Pragma": [
          "no-cache"
        ],
        "x-ms-request-id": [
          "1dd7fadc-baf9-41f7-923d-2de85b049d99"
        ],
        "x-ms-ratelimit-remaining-subscription-reads": [
          "14940"
        ],
        "x-ms-correlation-request-id": [
          "5c09795c-c6b2-4f63-8986-e02d709fd557"
        ],
        "x-ms-routing-request-id": [
          "WESTUS:20151107T001034Z:5c09795c-c6b2-4f63-8986-e02d709fd557"
        ],
        "Strict-Transport-Security": [
          "max-age=31536000; includeSubDomains"
        ],
        "Cache-Control": [
          "no-cache"
        ],
        "Date": [
          "Sat, 07 Nov 2015 00:10:33 GMT"
        ],
        "Server": [
          "Microsoft-IIS/8.5"
        ],
        "X-AspNet-Version": [
          "4.0.30319"
        ],
        "X-Powered-By": [
          "ASP.NET"
        ]
      },
      "StatusCode": 200
    },
    {
      "RequestUri": "/subscriptions/46153750-fa3b-4140-bf57-8beb7d5c971a/providers/Microsoft.DataLakeAnalytics/locations/EastUS2/operationResults/ebc1965a-b073-45c7-be63-c0a90d83aa5c0?api-version=2015-10-01-preview&expanded=true",
      "EncodedRequestUri": "L3N1YnNjcmlwdGlvbnMvNDYxNTM3NTAtZmEzYi00MTQwLWJmNTctOGJlYjdkNWM5NzFhL3Byb3ZpZGVycy9NaWNyb3NvZnQuRGF0YUxha2VBbmFseXRpY3MvbG9jYXRpb25zL0Vhc3RVUzIvb3BlcmF0aW9uUmVzdWx0cy9lYmMxOTY1YS1iMDczLTQ1YzctYmU2My1jMGE5MGQ4M2FhNWMwP2FwaS12ZXJzaW9uPTIwMTUtMTAtMDEtcHJldmlldyZleHBhbmRlZD10cnVl",
      "RequestMethod": "GET",
      "RequestBody": "",
      "RequestHeaders": {
        "x-ms-version": [
          "2015-10-01-preview"
        ],
        "User-Agent": [
          "Microsoft.Azure.Management.DataLake.Analytics.DataLakeAnalyticsManagementClient/0.9.0.0"
        ]
      },
      "ResponseBody": "{\r\n  \"status\": \"Succeeded\"\r\n}",
      "ResponseHeaders": {
        "Content-Length": [
          "22"
        ],
        "Content-Type": [
          "application/json"
        ],
        "Expires": [
          "-1"
        ],
        "Pragma": [
          "no-cache"
        ],
        "x-ms-request-id": [
          "ad1171a1-2ca2-4c52-8789-b91752351fa5"
        ],
        "x-ms-ratelimit-remaining-subscription-reads": [
          "14939"
        ],
        "x-ms-correlation-request-id": [
          "c820653f-5f85-418b-bedb-e19eaeadad4b"
        ],
        "x-ms-routing-request-id": [
          "WESTUS:20151107T001049Z:c820653f-5f85-418b-bedb-e19eaeadad4b"
        ],
        "Strict-Transport-Security": [
          "max-age=31536000; includeSubDomains"
        ],
        "Cache-Control": [
          "no-cache"
        ],
        "Date": [
          "Sat, 07 Nov 2015 00:10:49 GMT"
        ],
        "Server": [
          "Microsoft-IIS/8.5"
        ],
        "X-AspNet-Version": [
          "4.0.30319"
        ],
        "X-Powered-By": [
          "ASP.NET"
        ]
      },
      "StatusCode": 200
    },
    {
      "RequestUri": "/subscriptions/46153750-fa3b-4140-bf57-8beb7d5c971a/resourceGroups/abarg12404/providers/Microsoft.DataLakeAnalytics/accounts/testaba16017?api-version=2015-10-01-preview",
      "EncodedRequestUri": "L3N1YnNjcmlwdGlvbnMvNDYxNTM3NTAtZmEzYi00MTQwLWJmNTctOGJlYjdkNWM5NzFhL3Jlc291cmNlR3JvdXBzL2FiYXJnMTI0MDQvcHJvdmlkZXJzL01pY3Jvc29mdC5EYXRhTGFrZUFuYWx5dGljcy9hY2NvdW50cy90ZXN0YWJhMTYwMTc/YXBpLXZlcnNpb249MjAxNS0xMC0wMS1wcmV2aWV3",
      "RequestMethod": "DELETE",
      "RequestBody": "",
      "RequestHeaders": {
        "useragent": [
          "Azure SDK - Microsoft.Azure.Management.DataLake.Analytics 0.9.4-preview - PowerShell Client"
        ],
        "User-Agent": [
          "Azure",
          "SDK",
          "-",
          "Microsoft.Azure.Management.DataLake.Analytics",
          "0.9.4-preview",
          "-",
          "PowerShell",
          "Client"
        ]
      },
      "ResponseBody": "",
      "ResponseHeaders": {
        "Content-Length": [
          "0"
        ],
        "Expires": [
          "-1"
        ],
        "Pragma": [
          "no-cache"
        ],
        "x-ms-request-id": [
          "c6673496-cb02-465b-bed8-14a178d308fe"
        ],
        "x-ms-ratelimit-remaining-subscription-writes": [
          "1191"
        ],
        "x-ms-correlation-request-id": [
          "68219c7b-ff2a-42c6-8153-0a281751e707"
        ],
        "x-ms-routing-request-id": [
          "WESTUS:20151107T001051Z:68219c7b-ff2a-42c6-8153-0a281751e707"
        ],
        "Strict-Transport-Security": [
          "max-age=31536000; includeSubDomains"
        ],
        "Cache-Control": [
          "no-cache"
        ],
        "Date": [
          "Sat, 07 Nov 2015 00:10:51 GMT"
        ],
        "Server": [
          "Microsoft-IIS/8.5"
        ],
        "X-AspNet-Version": [
          "4.0.30319"
        ],
        "X-Powered-By": [
          "ASP.NET"
        ]
      },
      "StatusCode": 200
    }
  ],
  "Names": {},
  "Variables": {
    "SubscriptionId": "46153750-fa3b-4140-bf57-8beb7d5c971a"
  }
}